// Jest Snapshot v1, https://goo.gl/fbAQLP

exports[`render launch item 1`] = `
<View
  collapsable={false}
  style={
    Object {
      "alignSelf": undefined,
      "bottom": undefined,
      "left": undefined,
      "position": undefined,
      "right": undefined,
      "shadowColor": "#000",
      "shadowOffset": Object {
        "height": 1,
        "width": 0,
      },
      "shadowOpacity": 0.15,
      "shadowRadius": 3,
      "top": undefined,
    }
  }
>
  <View
    collapsable={false}
    style={
      Object {
        "shadowColor": "#000",
        "shadowOffset": Object {
          "height": 1,
          "width": 0,
        },
        "shadowOpacity": 0.3,
        "shadowRadius": 1,
      }
    }
  >
    <View
      collapsable={false}
      style={
        Object {
          "backgroundColor": "rgba(255, 255, 255, 1)",
          "borderRadius": 12,
          "elevation": 1,
          "margin": 10,
          "padding": 5,
        }
      }
    >
      <View
        accessibilityState={
          Object {
            "disabled": true,
          }
        }
        accessible={true}
        focusable={false}
        onClick={[Function]}
        onResponderGrant={[Function]}
        onResponderMove={[Function]}
        onResponderRelease={[Function]}
        onResponderTerminate={[Function]}
        onResponderTerminationRequest={[Function]}
        onStartShouldSetResponder={[Function]}
        style={
          Object {
            "flexShrink": 1,
          }
        }
      >
        <View
          style={
            Array [
              Object {
                "paddingHorizontal": 16,
              },
              Object {
                "paddingVertical": 16,
              },
              undefined,
            ]
          }
        >
          <View
            style={
              Object {
                "flexDirection": "row",
              }
            }
          >
            <View
              style={
                Object {
                  "flex": 2,
                  "flexDirection": "row",
                }
              }
            >
              <Text
                style={
                  Array [
                    Object {
                      "color": "rgba(28, 27, 31, 1)",
                      "fontFamily": "System",
                      "fontSize": 22,
                      "fontWeight": "400",
                      "letterSpacing": 0,
                      "lineHeight": 28,
                    },
                    Object {
                      "textAlign": "left",
                    },
                    Object {
                      "writingDirection": "ltr",
                    },
                    Array [
                      Object {
                        "color": "rgba(75, 75, 75, 1)",
                      },
                      Object {
                        "alignSelf": "center",
                      },
                    ],
                  ]
                }
              >
                #1
              </Text>
              <Text
                style={
                  Array [
                    Object {
                      "color": "rgba(28, 27, 31, 1)",
                      "fontFamily": "System",
                      "fontSize": 16,
                      "fontWeight": "500",
                      "letterSpacing": 0.15,
                      "lineHeight": 24,
                    },
                    Object {
                      "textAlign": "left",
                    },
                    Object {
                      "writingDirection": "ltr",
                    },
                    Array [
                      Object {
                        "color": "rgba(75, 75, 75, 1)",
                      },
                      Object {
                        "alignSelf": "center",
                        "marginLeft": 15,
                      },
                    ],
                  ]
                }
              >
                Some mission name
              </Text>
            </View>
            <View
              style={
                Object {
                  "flex": 1,
                }
              }
            >
              <Text
                style={
                  Array [
                    Object {
                      "color": "rgba(28, 27, 31, 1)",
                      "fontFamily": "System",
                      "fontSize": 11,
                      "fontWeight": "500",
                      "letterSpacing": 0.5,
                      "lineHeight": 16,
                    },
                    Object {
                      "textAlign": "left",
                    },
                    Object {
                      "writingDirection": "ltr",
                    },
                    Array [
                      Object {
                        "color": "rgba(75, 75, 75, 1)",
                      },
                      Object {
                        "alignSelf": "flex-end",
                      },
                    ],
                  ]
                }
              >
                12th Dec 2022
              </Text>
              <Text
                style={
                  Array [
                    Object {
                      "color": "rgba(28, 27, 31, 1)",
                      "fontFamily": "System",
                      "fontSize": 14,
                      "fontWeight": "500",
                      "letterSpacing": 0.1,
                      "lineHeight": 20,
                    },
                    Object {
                      "textAlign": "left",
                    },
                    Object {
                      "writingDirection": "ltr",
                    },
                    Array [
                      Object {
                        "color": "rgba(75, 75, 75, 1)",
                      },
                      Object {
                        "alignSelf": "flex-end",
                        "marginTop": 5,
                      },
                    ],
                  ]
                }
              >
                Some rocket name
              </Text>
            </View>
          </View>
        </View>
      </View>
    </View>
  </View>
</View>
`;
